[2025-07-02T21:16:50.755+0000] {local_task_job_runner.py:123} INFO - ::group::Pre task execution logs
[2025-07-02T21:16:50.835+0000] {taskinstance.py:2612} INFO - Dependencies all met for dep_context=non-requeueable deps ti=<TaskInstance: extract_raw_data_pipeline.extract_raw_data manual__2025-07-02T21:16:43.564346+00:00 [queued]>
[2025-07-02T21:16:50.878+0000] {taskinstance.py:2612} INFO - Dependencies all met for dep_context=requeueable deps ti=<TaskInstance: extract_raw_data_pipeline.extract_raw_data manual__2025-07-02T21:16:43.564346+00:00 [queued]>
[2025-07-02T21:16:50.881+0000] {taskinstance.py:2865} INFO - Starting attempt 1 of 1
[2025-07-02T21:16:50.933+0000] {taskinstance.py:2888} INFO - Executing <Task(PythonOperator): extract_raw_data> on 2025-07-02 21:16:43.564346+00:00
[2025-07-02T21:16:50.962+0000] {warnings.py:112} WARNING - /home/***/.local/lib/python3.12/site-packages/***/task/task_runner/standard_task_runner.py:70: DeprecationWarning: This process (pid=1083) is multi-threaded, use of fork() may lead to deadlocks in the child.
  pid = os.fork()

[2025-07-02T21:16:50.969+0000] {standard_task_runner.py:72} INFO - Started process 1087 to run task
[2025-07-02T21:16:50.974+0000] {standard_task_runner.py:104} INFO - Running: ['***', 'tasks', 'run', 'extract_raw_data_pipeline', 'extract_raw_data', 'manual__2025-07-02T21:16:43.564346+00:00', '--job-id', '49', '--raw', '--subdir', 'DAGS_FOLDER/driven_data_pipeline.py', '--cfg-path', '/tmp/tmpy7i57q7n']
[2025-07-02T21:16:50.976+0000] {standard_task_runner.py:105} INFO - Job 49: Subtask extract_raw_data
[2025-07-02T21:16:51.160+0000] {task_command.py:467} INFO - Running <TaskInstance: extract_raw_data_pipeline.extract_raw_data manual__2025-07-02T21:16:43.564346+00:00 [running]> on host 39c538d4e334
[2025-07-02T21:16:51.346+0000] {taskinstance.py:3131} INFO - Exporting env vars: AIRFLOW_CTX_DAG_OWNER='***' AIRFLOW_CTX_DAG_ID='extract_raw_data_pipeline' AIRFLOW_CTX_TASK_ID='extract_raw_data' AIRFLOW_CTX_EXECUTION_DATE='2025-07-02T21:16:43.564346+00:00' AIRFLOW_CTX_TRY_NUMBER='1' AIRFLOW_CTX_DAG_RUN_ID='manual__2025-07-02T21:16:43.564346+00:00'
[2025-07-02T21:16:51.348+0000] {taskinstance.py:731} INFO - ::endgroup::
[2025-07-02T21:16:51.403+0000] {driven_data_pipeline.py:84} INFO - Started batch processing for 2025-07-02.
[2025-07-02T21:16:51.404+0000] {driven_data_pipeline.py:24} INFO - Created synthetic data for RO country code.
[2025-07-02T21:16:52.032+0000] {driven_data_pipeline.py:65} INFO - Written 418 records to the CSV file.
[2025-07-02T21:16:52.304+0000] {driven_data_pipeline.py:72} INFO - Added UUID to the dataset.
[2025-07-02T21:16:52.374+0000] {driven_data_pipeline.py:81} INFO - Updated accessed timestamp.
[2025-07-02T21:16:52.375+0000] {driven_data_pipeline.py:88} INFO - Finished batch processing 2025-07-02.
[2025-07-02T21:16:52.376+0000] {python.py:240} INFO - Done. Returned value was: None
[2025-07-02T21:16:52.434+0000] {taskinstance.py:340} INFO - ::group::Post task execution logs
[2025-07-02T21:16:52.436+0000] {taskinstance.py:352} INFO - Marking task as SUCCESS. dag_id=extract_raw_data_pipeline, task_id=extract_raw_data, run_id=manual__2025-07-02T21:16:43.564346+00:00, execution_date=20250702T211643, start_date=20250702T211650, end_date=20250702T211652
[2025-07-02T21:16:52.573+0000] {local_task_job_runner.py:266} INFO - Task exited with return code 0
[2025-07-02T21:16:52.632+0000] {taskinstance.py:3900} INFO - 0 downstream tasks scheduled from follow-on schedule check
[2025-07-02T21:16:52.645+0000] {local_task_job_runner.py:245} INFO - ::endgroup::
