[2025-07-02T22:34:38.015+0000] {local_task_job_runner.py:123} INFO - ::group::Pre task execution logs
[2025-07-02T22:34:38.520+0000] {taskinstance.py:2612} INFO - Dependencies all met for dep_context=non-requeueable deps ti=<TaskInstance: extract_raw_data_pipeline.extract_raw_data manual__2025-07-02T22:31:39.309860+00:00 [queued]>
[2025-07-02T22:34:38.827+0000] {taskinstance.py:2612} INFO - Dependencies all met for dep_context=requeueable deps ti=<TaskInstance: extract_raw_data_pipeline.extract_raw_data manual__2025-07-02T22:31:39.309860+00:00 [queued]>
[2025-07-02T22:34:38.834+0000] {taskinstance.py:2865} INFO - Starting attempt 1 of 1
[2025-07-02T22:34:39.430+0000] {taskinstance.py:2888} INFO - Executing <Task(PythonOperator): extract_raw_data> on 2025-07-02 22:31:39.309860+00:00
[2025-07-02T22:34:39.929+0000] {warnings.py:112} WARNING - /home/***/.local/lib/python3.12/site-packages/***/task/task_runner/standard_task_runner.py:70: DeprecationWarning: This process (pid=160) is multi-threaded, use of fork() may lead to deadlocks in the child.
  pid = os.fork()

[2025-07-02T22:34:40.014+0000] {standard_task_runner.py:72} INFO - Started process 178 to run task
[2025-07-02T22:34:40.021+0000] {standard_task_runner.py:104} INFO - Running: ['***', 'tasks', 'run', 'extract_raw_data_pipeline', 'extract_raw_data', 'manual__2025-07-02T22:31:39.309860+00:00', '--job-id', '69', '--raw', '--subdir', 'DAGS_FOLDER/driven_data_pipeline.py', '--cfg-path', '/tmp/tmpy6a10l4h']
[2025-07-02T22:34:40.054+0000] {standard_task_runner.py:105} INFO - Job 69: Subtask extract_raw_data
[2025-07-02T22:34:40.503+0000] {task_command.py:467} INFO - Running <TaskInstance: extract_raw_data_pipeline.extract_raw_data manual__2025-07-02T22:31:39.309860+00:00 [running]> on host b22c61814c46
[2025-07-02T22:34:41.439+0000] {taskinstance.py:3131} INFO - Exporting env vars: AIRFLOW_CTX_DAG_OWNER='***' AIRFLOW_CTX_DAG_ID='extract_raw_data_pipeline' AIRFLOW_CTX_TASK_ID='extract_raw_data' AIRFLOW_CTX_EXECUTION_DATE='2025-07-02T22:31:39.309860+00:00' AIRFLOW_CTX_TRY_NUMBER='1' AIRFLOW_CTX_DAG_RUN_ID='manual__2025-07-02T22:31:39.309860+00:00'
[2025-07-02T22:34:41.459+0000] {taskinstance.py:731} INFO - ::endgroup::
[2025-07-02T22:34:41.816+0000] {driven_data_pipeline.py:84} INFO - Started batch processing for 2025-07-02.
[2025-07-02T22:34:41.833+0000] {driven_data_pipeline.py:24} INFO - Created synthetic data for RO country code.
[2025-07-02T22:34:45.728+0000] {driven_data_pipeline.py:65} INFO - Written 525 records to the CSV file.
[2025-07-02T22:34:47.194+0000] {driven_data_pipeline.py:72} INFO - Added UUID to the dataset.
[2025-07-02T22:34:47.550+0000] {driven_data_pipeline.py:81} INFO - Updated accessed timestamp.
[2025-07-02T22:34:47.561+0000] {driven_data_pipeline.py:88} INFO - Finished batch processing 2025-07-02.
[2025-07-02T22:34:47.583+0000] {python.py:240} INFO - Done. Returned value was: None
[2025-07-02T22:34:47.951+0000] {taskinstance.py:340} INFO - ::group::Post task execution logs
[2025-07-02T22:34:47.966+0000] {taskinstance.py:352} INFO - Marking task as SUCCESS. dag_id=extract_raw_data_pipeline, task_id=extract_raw_data, run_id=manual__2025-07-02T22:31:39.309860+00:00, execution_date=20250702T223139, start_date=20250702T223438, end_date=20250702T223447
[2025-07-02T22:34:53.351+0000] {local_task_job_runner.py:266} INFO - Task exited with return code 0
[2025-07-02T22:34:53.644+0000] {taskinstance.py:3900} INFO - 0 downstream tasks scheduled from follow-on schedule check
[2025-07-02T22:34:53.667+0000] {local_task_job_runner.py:245} INFO - ::endgroup::
