[2025-07-02T21:13:18.234+0000] {local_task_job_runner.py:123} INFO - ::group::Pre task execution logs
[2025-07-02T21:13:18.300+0000] {taskinstance.py:2612} INFO - Dependencies all met for dep_context=non-requeueable deps ti=<TaskInstance: extract_raw_data_pipeline.extract_raw_data manual__2025-07-02T21:13:12.651791+00:00 [queued]>
[2025-07-02T21:13:18.335+0000] {taskinstance.py:2612} INFO - Dependencies all met for dep_context=requeueable deps ti=<TaskInstance: extract_raw_data_pipeline.extract_raw_data manual__2025-07-02T21:13:12.651791+00:00 [queued]>
[2025-07-02T21:13:18.336+0000] {taskinstance.py:2865} INFO - Starting attempt 1 of 1
[2025-07-02T21:13:18.384+0000] {taskinstance.py:2888} INFO - Executing <Task(PythonOperator): extract_raw_data> on 2025-07-02 21:13:12.651791+00:00
[2025-07-02T21:13:18.437+0000] {warnings.py:112} WARNING - /home/***/.local/lib/python3.12/site-packages/***/task/task_runner/standard_task_runner.py:70: DeprecationWarning: This process (pid=1010) is multi-threaded, use of fork() may lead to deadlocks in the child.
  pid = os.fork()

[2025-07-02T21:13:18.446+0000] {standard_task_runner.py:72} INFO - Started process 1014 to run task
[2025-07-02T21:13:18.446+0000] {standard_task_runner.py:104} INFO - Running: ['***', 'tasks', 'run', 'extract_raw_data_pipeline', 'extract_raw_data', 'manual__2025-07-02T21:13:12.651791+00:00', '--job-id', '43', '--raw', '--subdir', 'DAGS_FOLDER/driven_data_pipeline.py', '--cfg-path', '/tmp/tmpic3jwmf4']
[2025-07-02T21:13:18.452+0000] {standard_task_runner.py:105} INFO - Job 43: Subtask extract_raw_data
[2025-07-02T21:13:18.650+0000] {task_command.py:467} INFO - Running <TaskInstance: extract_raw_data_pipeline.extract_raw_data manual__2025-07-02T21:13:12.651791+00:00 [running]> on host 39c538d4e334
[2025-07-02T21:13:18.977+0000] {taskinstance.py:3131} INFO - Exporting env vars: AIRFLOW_CTX_DAG_OWNER='***' AIRFLOW_CTX_DAG_ID='extract_raw_data_pipeline' AIRFLOW_CTX_TASK_ID='extract_raw_data' AIRFLOW_CTX_EXECUTION_DATE='2025-07-02T21:13:12.651791+00:00' AIRFLOW_CTX_TRY_NUMBER='1' AIRFLOW_CTX_DAG_RUN_ID='manual__2025-07-02T21:13:12.651791+00:00'
[2025-07-02T21:13:18.980+0000] {taskinstance.py:731} INFO - ::endgroup::
[2025-07-02T21:13:19.035+0000] {driven_data_pipeline.py:134} INFO - Started batch processing for 2025-07-02.
[2025-07-02T21:13:19.048+0000] {driven_data_pipeline.py:34} INFO - Created synthetic data for RO country code.
[2025-07-02T21:13:19.766+0000] {driven_data_pipeline.py:92} INFO - Written 235 records to the CSV file.
[2025-07-02T21:13:20.147+0000] {driven_data_pipeline.py:107} INFO - Added UUID to the dataset.
[2025-07-02T21:13:20.214+0000] {driven_data_pipeline.py:126} INFO - Updated accessed timestamp.
[2025-07-02T21:13:20.215+0000] {driven_data_pipeline.py:142} INFO - Finished batch processing 2025-07-02.
[2025-07-02T21:13:20.216+0000] {python.py:240} INFO - Done. Returned value was: None
[2025-07-02T21:13:20.239+0000] {taskinstance.py:340} INFO - ::group::Post task execution logs
[2025-07-02T21:13:20.242+0000] {taskinstance.py:352} INFO - Marking task as SUCCESS. dag_id=extract_raw_data_pipeline, task_id=extract_raw_data, run_id=manual__2025-07-02T21:13:12.651791+00:00, execution_date=20250702T211312, start_date=20250702T211318, end_date=20250702T211320
[2025-07-02T21:13:20.324+0000] {local_task_job_runner.py:266} INFO - Task exited with return code 0
[2025-07-02T21:13:20.372+0000] {taskinstance.py:3900} INFO - 0 downstream tasks scheduled from follow-on schedule check
[2025-07-02T21:13:20.375+0000] {local_task_job_runner.py:245} INFO - ::endgroup::
