[2025-07-02T20:42:12.985+0000] {local_task_job_runner.py:123} INFO - ::group::Pre task execution logs
[2025-07-02T20:42:13.097+0000] {taskinstance.py:2612} INFO - Dependencies all met for dep_context=non-requeueable deps ti=<TaskInstance: extract_raw_data_pipeline.extract_raw_data manual__2025-07-02T20:42:10.507270+00:00 [queued]>
[2025-07-02T20:42:13.113+0000] {taskinstance.py:2612} INFO - Dependencies all met for dep_context=requeueable deps ti=<TaskInstance: extract_raw_data_pipeline.extract_raw_data manual__2025-07-02T20:42:10.507270+00:00 [queued]>
[2025-07-02T20:42:13.115+0000] {taskinstance.py:2865} INFO - Starting attempt 1 of 1
[2025-07-02T20:42:13.138+0000] {taskinstance.py:2888} INFO - Executing <Task(PythonOperator): extract_raw_data> on 2025-07-02 20:42:10.507270+00:00
[2025-07-02T20:42:13.161+0000] {warnings.py:112} WARNING - /home/***/.local/lib/python3.12/site-packages/***/task/task_runner/standard_task_runner.py:70: DeprecationWarning: This process (pid=479) is multi-threaded, use of fork() may lead to deadlocks in the child.
  pid = os.fork()

[2025-07-02T20:42:13.168+0000] {standard_task_runner.py:72} INFO - Started process 483 to run task
[2025-07-02T20:42:13.167+0000] {standard_task_runner.py:104} INFO - Running: ['***', 'tasks', 'run', 'extract_raw_data_pipeline', 'extract_raw_data', 'manual__2025-07-02T20:42:10.507270+00:00', '--job-id', '15', '--raw', '--subdir', 'DAGS_FOLDER/driven_data_pipeline.py', '--cfg-path', '/tmp/tmpyjvfzsot']
[2025-07-02T20:42:13.173+0000] {standard_task_runner.py:105} INFO - Job 15: Subtask extract_raw_data
[2025-07-02T20:42:13.312+0000] {task_command.py:467} INFO - Running <TaskInstance: extract_raw_data_pipeline.extract_raw_data manual__2025-07-02T20:42:10.507270+00:00 [running]> on host 39c538d4e334
[2025-07-02T20:42:13.489+0000] {taskinstance.py:3131} INFO - Exporting env vars: AIRFLOW_CTX_DAG_OWNER='***' AIRFLOW_CTX_DAG_ID='extract_raw_data_pipeline' AIRFLOW_CTX_TASK_ID='extract_raw_data' AIRFLOW_CTX_EXECUTION_DATE='2025-07-02T20:42:10.507270+00:00' AIRFLOW_CTX_TRY_NUMBER='1' AIRFLOW_CTX_DAG_RUN_ID='manual__2025-07-02T20:42:10.507270+00:00'
[2025-07-02T20:42:13.496+0000] {taskinstance.py:731} INFO - ::endgroup::
[2025-07-02T20:42:13.525+0000] {driven_data_pipeline.py:143} INFO - Started batch processing for 2025-07-02.
[2025-07-02T20:42:13.526+0000] {driven_data_pipeline.py:34} INFO - Created synthetic data for RO country code.
[2025-07-02T20:42:13.912+0000] {driven_data_pipeline.py:100} INFO - Written 328 records to the CSV file.
[2025-07-02T20:42:14.094+0000] {driven_data_pipeline.py:116} INFO - Added UUID to the dataset.
[2025-07-02T20:42:14.282+0000] {driven_data_pipeline.py:135} INFO - Updated accessed timestamp.
[2025-07-02T20:42:14.284+0000] {driven_data_pipeline.py:151} INFO - Finished batch processing 2025-07-02.
[2025-07-02T20:42:14.287+0000] {python.py:240} INFO - Done. Returned value was: None
[2025-07-02T20:42:14.309+0000] {taskinstance.py:340} INFO - ::group::Post task execution logs
[2025-07-02T20:42:14.310+0000] {taskinstance.py:352} INFO - Marking task as SUCCESS. dag_id=extract_raw_data_pipeline, task_id=extract_raw_data, run_id=manual__2025-07-02T20:42:10.507270+00:00, execution_date=20250702T204210, start_date=20250702T204213, end_date=20250702T204214
[2025-07-02T20:42:14.443+0000] {local_task_job_runner.py:266} INFO - Task exited with return code 0
[2025-07-02T20:42:14.483+0000] {local_task_job_runner.py:245} INFO - ::endgroup::
