[2025-07-02T22:46:37.810+0000] {local_task_job_runner.py:123} INFO - ::group::Pre task execution logs
[2025-07-02T22:46:38.418+0000] {taskinstance.py:2612} INFO - Dependencies all met for dep_context=non-requeueable deps ti=<TaskInstance: extract_raw_data_pipeline.run_dbt_trusted manual__2025-07-02T22:31:39.309860+00:00 [queued]>
[2025-07-02T22:46:38.696+0000] {taskinstance.py:2612} INFO - Dependencies all met for dep_context=requeueable deps ti=<TaskInstance: extract_raw_data_pipeline.run_dbt_trusted manual__2025-07-02T22:31:39.309860+00:00 [queued]>
[2025-07-02T22:46:38.697+0000] {taskinstance.py:2865} INFO - Starting attempt 1 of 1
[2025-07-02T22:46:39.120+0000] {taskinstance.py:2888} INFO - Executing <Task(BashOperator): run_dbt_trusted> on 2025-07-02 22:31:39.309860+00:00
[2025-07-02T22:46:39.741+0000] {warnings.py:112} WARNING - /home/***/.local/lib/python3.12/site-packages/***/task/task_runner/standard_task_runner.py:70: DeprecationWarning: This process (pid=336) is multi-threaded, use of fork() may lead to deadlocks in the child.
  pid = os.fork()

[2025-07-02T22:46:39.873+0000] {standard_task_runner.py:72} INFO - Started process 359 to run task
[2025-07-02T22:46:39.920+0000] {standard_task_runner.py:104} INFO - Running: ['***', 'tasks', 'run', 'extract_raw_data_pipeline', 'run_dbt_trusted', 'manual__2025-07-02T22:31:39.309860+00:00', '--job-id', '76', '--raw', '--subdir', 'DAGS_FOLDER/driven_data_pipeline.py', '--cfg-path', '/tmp/tmp54ms2mxy']
[2025-07-02T22:46:39.928+0000] {standard_task_runner.py:105} INFO - Job 76: Subtask run_dbt_trusted
[2025-07-02T22:46:40.620+0000] {task_command.py:467} INFO - Running <TaskInstance: extract_raw_data_pipeline.run_dbt_trusted manual__2025-07-02T22:31:39.309860+00:00 [running]> on host b22c61814c46
[2025-07-02T22:46:42.354+0000] {taskinstance.py:3131} INFO - Exporting env vars: AIRFLOW_CTX_DAG_OWNER='***' AIRFLOW_CTX_DAG_ID='extract_raw_data_pipeline' AIRFLOW_CTX_TASK_ID='run_dbt_trusted' AIRFLOW_CTX_EXECUTION_DATE='2025-07-02T22:31:39.309860+00:00' AIRFLOW_CTX_TRY_NUMBER='1' AIRFLOW_CTX_DAG_RUN_ID='manual__2025-07-02T22:31:39.309860+00:00'
[2025-07-02T22:46:42.425+0000] {taskinstance.py:731} INFO - ::endgroup::
[2025-07-02T22:46:43.881+0000] {subprocess.py:63} INFO - Tmp dir root location: /tmp
[2025-07-02T22:46:43.976+0000] {subprocess.py:75} INFO - Running command: ['/usr/bin/bash', '-c', 'set -x; cd /opt/***/dbt && dbt run --select tag:trusted']
[2025-07-02T22:46:44.489+0000] {subprocess.py:86} INFO - Output:
[2025-07-02T22:46:46.714+0000] {subprocess.py:93} INFO - + cd /opt/***/dbt
[2025-07-02T22:46:46.769+0000] {subprocess.py:93} INFO - + dbt run --select tag:trusted
[2025-07-02T22:47:12.891+0000] {subprocess.py:93} INFO - [0m22:47:12  Running with dbt=1.8.0
[2025-07-02T22:47:15.754+0000] {subprocess.py:93} INFO - [0m22:47:15  Registered adapter: postgres=1.8.2
[2025-07-02T22:47:20.220+0000] {subprocess.py:93} INFO - [0m22:47:20  Found 9 models, 10 sources, 428 macros
[2025-07-02T22:47:20.235+0000] {subprocess.py:93} INFO - [0m22:47:20
[2025-07-02T22:47:22.398+0000] {subprocess.py:93} INFO - [0m22:47:22  Concurrency: 1 threads (target='dev')
[2025-07-02T22:47:22.431+0000] {subprocess.py:93} INFO - [0m22:47:22
[2025-07-02T22:47:22.589+0000] {subprocess.py:93} INFO - [0m22:47:22  1 of 4 START sql table model driven_trusted.non_pii_data ....................... [RUN]
[2025-07-02T22:47:30.130+0000] {subprocess.py:93} INFO - [0m22:47:30  1 of 4 OK created sql table model driven_trusted.non_pii_data .................. [[32mSELECT 173980[0m in 7.52s]
[2025-07-02T22:47:30.193+0000] {subprocess.py:93} INFO - [0m22:47:30  2 of 4 START sql table model driven_trusted.payment_data ....................... [RUN]
[2025-07-02T22:47:32.882+0000] {subprocess.py:93} INFO - [0m22:47:32  2 of 4 OK created sql table model driven_trusted.payment_data .................. [[32mSELECT 5644[0m in 2.52s]
[2025-07-02T22:47:32.913+0000] {subprocess.py:93} INFO - [0m22:47:32  3 of 4 START sql table model driven_trusted.pii_data ........................... [RUN]
[2025-07-02T22:47:37.625+0000] {subprocess.py:93} INFO - [0m22:47:37  3 of 4 OK created sql table model driven_trusted.pii_data ...................... [[32mSELECT 173980[0m in 4.70s]
[2025-07-02T22:47:37.636+0000] {subprocess.py:93} INFO - [0m22:47:37  4 of 4 START sql table model driven_trusted.technical_data ..................... [RUN]
[2025-07-02T22:47:38.023+0000] {subprocess.py:93} INFO - [0m22:47:38  4 of 4 OK created sql table model driven_trusted.technical_data ................ [[32mSELECT 5644[0m in 0.38s]
[2025-07-02T22:47:38.097+0000] {subprocess.py:93} INFO - [0m22:47:38
[2025-07-02T22:47:38.108+0000] {subprocess.py:93} INFO - [0m22:47:38  Finished running 4 table models in 0 hours 0 minutes and 17.86 seconds (17.86s).
[2025-07-02T22:47:38.306+0000] {subprocess.py:93} INFO - [0m22:47:38
[2025-07-02T22:47:38.312+0000] {subprocess.py:93} INFO - [0m22:47:38  [32mCompleted successfully[0m
[2025-07-02T22:47:38.322+0000] {subprocess.py:93} INFO - [0m22:47:38
[2025-07-02T22:47:38.328+0000] {subprocess.py:93} INFO - [0m22:47:38  Done. PASS=4 WARN=0 ERROR=0 SKIP=0 TOTAL=4
[2025-07-02T22:47:40.982+0000] {subprocess.py:97} INFO - Command exited with return code 0
[2025-07-02T22:47:41.478+0000] {taskinstance.py:340} INFO - ::group::Post task execution logs
[2025-07-02T22:47:41.487+0000] {taskinstance.py:352} INFO - Marking task as SUCCESS. dag_id=extract_raw_data_pipeline, task_id=run_dbt_trusted, run_id=manual__2025-07-02T22:31:39.309860+00:00, execution_date=20250702T223139, start_date=20250702T224638, end_date=20250702T224741
[2025-07-02T22:47:41.715+0000] {local_task_job_runner.py:266} INFO - Task exited with return code 0
[2025-07-02T22:47:42.009+0000] {taskinstance.py:3900} INFO - 0 downstream tasks scheduled from follow-on schedule check
[2025-07-02T22:47:42.016+0000] {local_task_job_runner.py:245} INFO - ::endgroup::
