[2025-06-27T20:50:57.658+0000] {local_task_job_runner.py:123} INFO - ::group::Pre task execution logs
[2025-06-27T20:50:58.168+0000] {taskinstance.py:2612} INFO - Dependencies all met for dep_context=non-requeueable deps ti=<TaskInstance: extract_raw_data_pipeline.extract_raw_data manual__2025-06-27T20:50:19.953169+00:00 [queued]>
[2025-06-27T20:50:58.375+0000] {taskinstance.py:2612} INFO - Dependencies all met for dep_context=requeueable deps ti=<TaskInstance: extract_raw_data_pipeline.extract_raw_data manual__2025-06-27T20:50:19.953169+00:00 [queued]>
[2025-06-27T20:50:58.379+0000] {taskinstance.py:2865} INFO - Starting attempt 1 of 1
[2025-06-27T20:50:58.727+0000] {taskinstance.py:2888} INFO - Executing <Task(PythonOperator): extract_raw_data> on 2025-06-27 20:50:19.953169+00:00
[2025-06-27T20:50:58.999+0000] {standard_task_runner.py:104} INFO - Running: ['***', 'tasks', 'run', 'extract_raw_data_pipeline', 'extract_raw_data', 'manual__2025-06-27T20:50:19.953169+00:00', '--job-id', '4', '--raw', '--subdir', 'DAGS_FOLDER/driven_data_pipeline.py', '--cfg-path', '/tmp/tmp1si3lni8']
[2025-06-27T20:50:59.091+0000] {standard_task_runner.py:105} INFO - Job 4: Subtask extract_raw_data
[2025-06-27T20:50:58.931+0000] {warnings.py:112} WARNING - /home/***/.local/lib/python3.12/site-packages/***/task/task_runner/standard_task_runner.py:70: DeprecationWarning: This process (pid=460) is multi-threaded, use of fork() may lead to deadlocks in the child.
  pid = os.fork()

[2025-06-27T20:50:59.143+0000] {standard_task_runner.py:72} INFO - Started process 466 to run task
[2025-06-27T20:51:03.546+0000] {task_command.py:467} INFO - Running <TaskInstance: extract_raw_data_pipeline.extract_raw_data manual__2025-06-27T20:50:19.953169+00:00 [running]> on host 750f2347adb7
[2025-06-27T20:51:08.657+0000] {taskinstance.py:3131} INFO - Exporting env vars: AIRFLOW_CTX_DAG_OWNER='***' AIRFLOW_CTX_DAG_ID='extract_raw_data_pipeline' AIRFLOW_CTX_TASK_ID='extract_raw_data' AIRFLOW_CTX_EXECUTION_DATE='2025-06-27T20:50:19.953169+00:00' AIRFLOW_CTX_TRY_NUMBER='1' AIRFLOW_CTX_DAG_RUN_ID='manual__2025-06-27T20:50:19.953169+00:00'
[2025-06-27T20:51:08.709+0000] {taskinstance.py:731} INFO - ::endgroup::
[2025-06-27T20:51:10.905+0000] {driven_data_pipeline.py:143} INFO - Started batch processing for 2025-06-27.
[2025-06-27T20:51:10.951+0000] {driven_data_pipeline.py:34} INFO - Created synthetic data for RO country code.
[2025-06-27T20:51:25.323+0000] {driven_data_pipeline.py:100} INFO - Written 896 records to the CSV file.
[2025-06-27T20:51:26.831+0000] {driven_data_pipeline.py:116} INFO - Added UUID to the dataset.
[2025-06-27T20:51:27.044+0000] {driven_data_pipeline.py:135} INFO - Updated accessed timestamp.
[2025-06-27T20:51:27.046+0000] {driven_data_pipeline.py:151} INFO - Finished batch processing 2025-06-27.
[2025-06-27T20:51:27.047+0000] {python.py:240} INFO - Done. Returned value was: None
[2025-06-27T20:51:27.131+0000] {taskinstance.py:340} INFO - ::group::Post task execution logs
[2025-06-27T20:51:27.140+0000] {taskinstance.py:352} INFO - Marking task as SUCCESS. dag_id=extract_raw_data_pipeline, task_id=extract_raw_data, run_id=manual__2025-06-27T20:50:19.953169+00:00, execution_date=20250627T205019, start_date=20250627T205058, end_date=20250627T205127
[2025-06-27T20:51:27.377+0000] {local_task_job_runner.py:266} INFO - Task exited with return code 0
[2025-06-27T20:51:27.631+0000] {taskinstance.py:3900} INFO - 0 downstream tasks scheduled from follow-on schedule check
[2025-06-27T20:51:27.643+0000] {local_task_job_runner.py:245} INFO - ::endgroup::
