[2025-07-02T22:35:44.017+0000] {local_task_job_runner.py:123} INFO - ::group::Pre task execution logs
[2025-07-02T22:35:45.345+0000] {taskinstance.py:2612} INFO - Dependencies all met for dep_context=non-requeueable deps ti=<TaskInstance: extract_raw_data_pipeline.create_raw_schema manual__2025-07-02T22:31:39.309860+00:00 [queued]>
[2025-07-02T22:35:45.621+0000] {taskinstance.py:2612} INFO - Dependencies all met for dep_context=requeueable deps ti=<TaskInstance: extract_raw_data_pipeline.create_raw_schema manual__2025-07-02T22:31:39.309860+00:00 [queued]>
[2025-07-02T22:35:45.635+0000] {taskinstance.py:2865} INFO - Starting attempt 1 of 1
[2025-07-02T22:35:46.020+0000] {taskinstance.py:2888} INFO - Executing <Task(SQLExecuteQueryOperator): create_raw_schema> on 2025-07-02 22:31:39.309860+00:00
[2025-07-02T22:35:49.301+0000] {warnings.py:112} WARNING - /home/***/.local/lib/python3.12/site-packages/***/task/task_runner/standard_task_runner.py:70: DeprecationWarning: This process (pid=170) is multi-threaded, use of fork() may lead to deadlocks in the child.
  pid = os.fork()

[2025-07-02T22:35:49.210+0000] {standard_task_runner.py:104} INFO - Running: ['***', 'tasks', 'run', 'extract_raw_data_pipeline', 'create_raw_schema', 'manual__2025-07-02T22:31:39.309860+00:00', '--job-id', '71', '--raw', '--subdir', 'DAGS_FOLDER/driven_data_pipeline.py', '--cfg-path', '/tmp/tmpqyqodjrr']
[2025-07-02T22:35:51.195+0000] {standard_task_runner.py:105} INFO - Job 71: Subtask create_raw_schema
[2025-07-02T22:35:51.308+0000] {standard_task_runner.py:72} INFO - Started process 195 to run task
[2025-07-02T22:35:57.997+0000] {task_command.py:467} INFO - Running <TaskInstance: extract_raw_data_pipeline.create_raw_schema manual__2025-07-02T22:31:39.309860+00:00 [running]> on host b22c61814c46
[2025-07-02T22:35:58.938+0000] {job.py:229} INFO - Heartbeat recovered after 21.98 seconds
[2025-07-02T22:35:59.981+0000] {taskinstance.py:3131} INFO - Exporting env vars: AIRFLOW_CTX_DAG_OWNER='***' AIRFLOW_CTX_DAG_ID='extract_raw_data_pipeline' AIRFLOW_CTX_TASK_ID='create_raw_schema' AIRFLOW_CTX_EXECUTION_DATE='2025-07-02T22:31:39.309860+00:00' AIRFLOW_CTX_TRY_NUMBER='1' AIRFLOW_CTX_DAG_RUN_ID='manual__2025-07-02T22:31:39.309860+00:00'
[2025-07-02T22:36:00.051+0000] {taskinstance.py:731} INFO - ::endgroup::
[2025-07-02T22:36:01.000+0000] {sql.py:266} INFO - Executing: CREATE SCHEMA IF NOT EXISTS driven_raw;
[2025-07-02T22:36:01.285+0000] {base.py:84} INFO - Retrieving connection 'postgres_conn'
[2025-07-02T22:36:11.143+0000] {base.py:84} INFO - Retrieving connection 'postgres_conn'
[2025-07-02T22:36:11.280+0000] {sql.py:509} INFO - Running statement: CREATE SCHEMA IF NOT EXISTS driven_raw;, parameters: None
[2025-07-02T22:36:12.036+0000] {taskinstance.py:340} INFO - ::group::Post task execution logs
[2025-07-02T22:36:12.040+0000] {taskinstance.py:352} INFO - Marking task as SUCCESS. dag_id=extract_raw_data_pipeline, task_id=create_raw_schema, run_id=manual__2025-07-02T22:31:39.309860+00:00, execution_date=20250702T223139, start_date=20250702T223545, end_date=20250702T223612
[2025-07-02T22:36:12.647+0000] {local_task_job_runner.py:266} INFO - Task exited with return code 0
[2025-07-02T22:36:15.287+0000] {standard_task_runner.py:217} INFO - Process not found (most likely exited), stop collecting metrics
[2025-07-02T22:36:15.323+0000] {taskinstance.py:3900} INFO - 1 downstream tasks scheduled from follow-on schedule check
[2025-07-02T22:36:15.457+0000] {local_task_job_runner.py:245} INFO - ::endgroup::
