[2025-07-02T22:38:43.568+0000] {local_task_job_runner.py:123} INFO - ::group::Pre task execution logs
[2025-07-02T22:38:43.982+0000] {taskinstance.py:2612} INFO - Dependencies all met for dep_context=non-requeueable deps ti=<TaskInstance: extract_raw_data_pipeline.run_dbt_trusted manual__2025-07-02T21:13:12.651791+00:00 [queued]>
[2025-07-02T22:38:44.050+0000] {taskinstance.py:2612} INFO - Dependencies all met for dep_context=requeueable deps ti=<TaskInstance: extract_raw_data_pipeline.run_dbt_trusted manual__2025-07-02T21:13:12.651791+00:00 [queued]>
[2025-07-02T22:38:44.107+0000] {taskinstance.py:2865} INFO - Starting attempt 1 of 1
[2025-07-02T22:38:44.277+0000] {taskinstance.py:2888} INFO - Executing <Task(BashOperator): run_dbt_trusted> on 2025-07-02 21:13:12.651791+00:00
[2025-07-02T22:38:44.323+0000] {warnings.py:112} WARNING - /home/***/.local/lib/python3.12/site-packages/***/task/task_runner/standard_task_runner.py:70: DeprecationWarning: This process (pid=240) is multi-threaded, use of fork() may lead to deadlocks in the child.
  pid = os.fork()

[2025-07-02T22:38:44.339+0000] {standard_task_runner.py:72} INFO - Started process 243 to run task
[2025-07-02T22:38:44.329+0000] {standard_task_runner.py:104} INFO - Running: ['***', 'tasks', 'run', 'extract_raw_data_pipeline', 'run_dbt_trusted', 'manual__2025-07-02T21:13:12.651791+00:00', '--job-id', '73', '--raw', '--subdir', 'DAGS_FOLDER/driven_data_pipeline.py', '--cfg-path', '/tmp/tmp0hsgzpy_']
[2025-07-02T22:38:44.350+0000] {standard_task_runner.py:105} INFO - Job 73: Subtask run_dbt_trusted
[2025-07-02T22:38:44.745+0000] {task_command.py:467} INFO - Running <TaskInstance: extract_raw_data_pipeline.run_dbt_trusted manual__2025-07-02T21:13:12.651791+00:00 [running]> on host b22c61814c46
[2025-07-02T22:38:45.257+0000] {taskinstance.py:3131} INFO - Exporting env vars: AIRFLOW_CTX_DAG_OWNER='***' AIRFLOW_CTX_DAG_ID='extract_raw_data_pipeline' AIRFLOW_CTX_TASK_ID='run_dbt_trusted' AIRFLOW_CTX_EXECUTION_DATE='2025-07-02T21:13:12.651791+00:00' AIRFLOW_CTX_TRY_NUMBER='1' AIRFLOW_CTX_DAG_RUN_ID='manual__2025-07-02T21:13:12.651791+00:00'
[2025-07-02T22:38:45.272+0000] {taskinstance.py:731} INFO - ::endgroup::
[2025-07-02T22:38:45.399+0000] {subprocess.py:63} INFO - Tmp dir root location: /tmp
[2025-07-02T22:38:45.432+0000] {subprocess.py:75} INFO - Running command: ['/usr/bin/bash', '-c', 'set -x; cd /opt/***/dbt && dbt run --select tag:trusted']
[2025-07-02T22:38:45.549+0000] {subprocess.py:86} INFO - Output:
[2025-07-02T22:38:45.574+0000] {subprocess.py:93} INFO - + cd /opt/***/dbt
[2025-07-02T22:38:45.584+0000] {subprocess.py:93} INFO - + dbt run --select tag:trusted
[2025-07-02T22:39:38.380+0000] {job.py:229} INFO - Heartbeat recovered after 11.55 seconds
[2025-07-02T22:39:50.022+0000] {job.py:229} INFO - Heartbeat recovered after 18.91 seconds
[2025-07-02T22:40:01.199+0000] {job.py:229} INFO - Heartbeat recovered after 11.60 seconds
[2025-07-02T22:41:03.190+0000] {subprocess.py:93} INFO - [0m22:41:02  Running with dbt=1.8.0
[2025-07-02T22:41:15.353+0000] {subprocess.py:93} INFO - [0m22:41:15  Registered adapter: postgres=1.8.2
[2025-07-02T22:41:40.617+0000] {subprocess.py:93} INFO - [0m22:41:40  Found 9 models, 10 sources, 428 macros
[2025-07-02T22:41:40.786+0000] {subprocess.py:93} INFO - [0m22:41:40
[2025-07-02T22:41:44.572+0000] {subprocess.py:93} INFO - [0m22:41:44  Concurrency: 1 threads (target='dev')
[2025-07-02T22:41:44.593+0000] {subprocess.py:93} INFO - [0m22:41:44
[2025-07-02T22:41:44.777+0000] {subprocess.py:93} INFO - [0m22:41:44  1 of 4 START sql table model driven_trusted.non_pii_data ....................... [RUN]
[2025-07-02T22:42:00.080+0000] {job.py:229} INFO - Heartbeat recovered after 12.44 seconds
[2025-07-02T22:42:08.876+0000] {subprocess.py:93} INFO - [0m22:42:08  1 of 4 OK created sql table model driven_trusted.non_pii_data .................. [[32mSELECT 173455[0m in 22.83s]
[2025-07-02T22:42:09.509+0000] {subprocess.py:93} INFO - [0m22:42:09  2 of 4 START sql table model driven_trusted.payment_data ....................... [RUN]
[2025-07-02T22:42:11.738+0000] {subprocess.py:93} INFO - [0m22:42:11  2 of 4 OK created sql table model driven_trusted.payment_data .................. [[32mSELECT 5119[0m in 2.32s]
[2025-07-02T22:42:11.788+0000] {subprocess.py:93} INFO - [0m22:42:11  3 of 4 START sql table model driven_trusted.pii_data ........................... [RUN]
[2025-07-02T22:42:21.571+0000] {subprocess.py:93} INFO - [0m22:42:21  3 of 4 OK created sql table model driven_trusted.pii_data ...................... [[32mSELECT 173455[0m in 9.76s]
[2025-07-02T22:42:21.642+0000] {subprocess.py:93} INFO - [0m22:42:21  4 of 4 START sql table model driven_trusted.technical_data ..................... [RUN]
[2025-07-02T22:42:22.206+0000] {subprocess.py:93} INFO - [0m22:42:22  4 of 4 OK created sql table model driven_trusted.technical_data ................ [[32mSELECT 5119[0m in 0.56s]
[2025-07-02T22:42:22.527+0000] {subprocess.py:93} INFO - [0m22:42:22
[2025-07-02T22:42:22.550+0000] {subprocess.py:93} INFO - [0m22:42:22  Finished running 4 table models in 0 hours 0 minutes and 41.69 seconds (41.69s).
[2025-07-02T22:42:23.688+0000] {subprocess.py:93} INFO - [0m22:42:23
[2025-07-02T22:42:23.711+0000] {subprocess.py:93} INFO - [0m22:42:23  [32mCompleted successfully[0m
[2025-07-02T22:42:23.732+0000] {subprocess.py:93} INFO - [0m22:42:23
[2025-07-02T22:42:23.746+0000] {subprocess.py:93} INFO - [0m22:42:23  Done. PASS=4 WARN=0 ERROR=0 SKIP=0 TOTAL=4
[2025-07-02T22:43:06.884+0000] {subprocess.py:97} INFO - Command exited with return code 0
[2025-07-02T22:43:23.872+0000] {taskinstance.py:340} INFO - ::group::Post task execution logs
[2025-07-02T22:43:24.521+0000] {taskinstance.py:352} INFO - Marking task as SUCCESS. dag_id=extract_raw_data_pipeline, task_id=run_dbt_trusted, run_id=manual__2025-07-02T21:13:12.651791+00:00, execution_date=20250702T211312, start_date=20250702T223843, end_date=20250702T224324
[2025-07-02T22:43:27.833+0000] {local_task_job_runner.py:266} INFO - Task exited with return code 0
[2025-07-02T22:43:30.518+0000] {standard_task_runner.py:217} INFO - Process not found (most likely exited), stop collecting metrics
[2025-07-02T22:43:33.150+0000] {taskinstance.py:3900} INFO - 0 downstream tasks scheduled from follow-on schedule check
[2025-07-02T22:43:33.235+0000] {local_task_job_runner.py:245} INFO - ::endgroup::
