[2025-06-27T20:50:57.668+0000] {local_task_job_runner.py:123} INFO - ::group::Pre task execution logs
[2025-06-27T20:50:58.401+0000] {taskinstance.py:2612} INFO - Dependencies all met for dep_context=non-requeueable deps ti=<TaskInstance: extract_raw_data_pipeline.extract_raw_data scheduled__2025-06-27T07:58:00+00:00 [queued]>
[2025-06-27T20:50:58.621+0000] {taskinstance.py:2612} INFO - Dependencies all met for dep_context=requeueable deps ti=<TaskInstance: extract_raw_data_pipeline.extract_raw_data scheduled__2025-06-27T07:58:00+00:00 [queued]>
[2025-06-27T20:50:58.639+0000] {taskinstance.py:2865} INFO - Starting attempt 1 of 1
[2025-06-27T20:50:58.959+0000] {taskinstance.py:2888} INFO - Executing <Task(PythonOperator): extract_raw_data> on 2025-06-27 07:58:00+00:00
[2025-06-27T20:50:59.631+0000] {warnings.py:112} WARNING - /home/***/.local/lib/python3.12/site-packages/***/task/task_runner/standard_task_runner.py:70: DeprecationWarning: This process (pid=458) is multi-threaded, use of fork() may lead to deadlocks in the child.
  pid = os.fork()

[2025-06-27T20:51:00.087+0000] {standard_task_runner.py:72} INFO - Started process 469 to run task
[2025-06-27T20:51:00.079+0000] {standard_task_runner.py:104} INFO - Running: ['***', 'tasks', 'run', 'extract_raw_data_pipeline', 'extract_raw_data', 'scheduled__2025-06-27T07:58:00+00:00', '--job-id', '6', '--raw', '--subdir', 'DAGS_FOLDER/driven_data_pipeline.py', '--cfg-path', '/tmp/tmplm3kxrc3']
[2025-06-27T20:51:00.164+0000] {standard_task_runner.py:105} INFO - Job 6: Subtask extract_raw_data
[2025-06-27T20:51:03.970+0000] {task_command.py:467} INFO - Running <TaskInstance: extract_raw_data_pipeline.extract_raw_data scheduled__2025-06-27T07:58:00+00:00 [running]> on host 750f2347adb7
[2025-06-27T20:51:07.347+0000] {job.py:229} INFO - Heartbeat recovered after 11.25 seconds
[2025-06-27T20:51:08.741+0000] {taskinstance.py:3131} INFO - Exporting env vars: AIRFLOW_CTX_DAG_OWNER='***' AIRFLOW_CTX_DAG_ID='extract_raw_data_pipeline' AIRFLOW_CTX_TASK_ID='extract_raw_data' AIRFLOW_CTX_EXECUTION_DATE='2025-06-27T07:58:00+00:00' AIRFLOW_CTX_TRY_NUMBER='1' AIRFLOW_CTX_DAG_RUN_ID='scheduled__2025-06-27T07:58:00+00:00'
[2025-06-27T20:51:08.761+0000] {taskinstance.py:731} INFO - ::endgroup::
[2025-06-27T20:51:10.919+0000] {driven_data_pipeline.py:143} INFO - Started batch processing for 2025-06-27.
[2025-06-27T20:51:10.928+0000] {driven_data_pipeline.py:34} INFO - Created synthetic data for RO country code.
[2025-06-27T20:51:23.384+0000] {driven_data_pipeline.py:100} INFO - Written 605 records to the CSV file.
[2025-06-27T20:51:26.719+0000] {driven_data_pipeline.py:116} INFO - Added UUID to the dataset.
[2025-06-27T20:52:43.382+0000] {local_task_job_runner.py:266} INFO - Task exited with return code -7
[2025-06-27T20:52:43.641+0000] {taskinstance.py:3900} INFO - 0 downstream tasks scheduled from follow-on schedule check
[2025-06-27T20:52:43.645+0000] {local_task_job_runner.py:245} INFO - ::endgroup::
[2025-06-27T22:42:30.493+0000] {local_task_job_runner.py:123} INFO - ::group::Pre task execution logs
[2025-06-27T22:42:32.305+0000] {taskinstance.py:2612} INFO - Dependencies all met for dep_context=non-requeueable deps ti=<TaskInstance: extract_raw_data_pipeline.extract_raw_data scheduled__2025-06-27T07:58:00+00:00 [queued]>
[2025-06-27T22:42:33.089+0000] {taskinstance.py:2612} INFO - Dependencies all met for dep_context=requeueable deps ti=<TaskInstance: extract_raw_data_pipeline.extract_raw_data scheduled__2025-06-27T07:58:00+00:00 [queued]>
[2025-06-27T22:42:33.093+0000] {taskinstance.py:2865} INFO - Starting attempt 1 of 1
[2025-06-27T22:42:34.214+0000] {taskinstance.py:2888} INFO - Executing <Task(PythonOperator): extract_raw_data> on 2025-06-27 07:58:00+00:00
[2025-06-27T22:42:35.689+0000] {warnings.py:112} WARNING - /home/***/.local/lib/python3.12/site-packages/***/task/task_runner/standard_task_runner.py:70: DeprecationWarning: This process (pid=158) is multi-threaded, use of fork() may lead to deadlocks in the child.
  pid = os.fork()

[2025-06-27T22:42:36.628+0000] {standard_task_runner.py:72} INFO - Started process 182 to run task
[2025-06-27T22:42:39.693+0000] {standard_task_runner.py:104} INFO - Running: ['***', 'tasks', 'run', 'extract_raw_data_pipeline', 'extract_raw_data', 'scheduled__2025-06-27T07:58:00+00:00', '--job-id', '3', '--raw', '--subdir', 'DAGS_FOLDER/driven_data_pipeline.py', '--cfg-path', '/tmp/tmp962fqvnd']
[2025-06-27T22:42:39.933+0000] {standard_task_runner.py:105} INFO - Job 3: Subtask extract_raw_data
[2025-06-27T22:42:43.850+0000] {task_command.py:467} INFO - Running <TaskInstance: extract_raw_data_pipeline.extract_raw_data scheduled__2025-06-27T07:58:00+00:00 [running]> on host 1b97f0f842ef
[2025-06-27T22:42:46.646+0000] {job.py:229} INFO - Heartbeat recovered after 19.34 seconds
[2025-06-27T22:42:49.204+0000] {taskinstance.py:3131} INFO - Exporting env vars: AIRFLOW_CTX_DAG_OWNER='***' AIRFLOW_CTX_DAG_ID='extract_raw_data_pipeline' AIRFLOW_CTX_TASK_ID='extract_raw_data' AIRFLOW_CTX_EXECUTION_DATE='2025-06-27T07:58:00+00:00' AIRFLOW_CTX_TRY_NUMBER='1' AIRFLOW_CTX_DAG_RUN_ID='scheduled__2025-06-27T07:58:00+00:00'
[2025-06-27T22:42:49.265+0000] {taskinstance.py:731} INFO - ::endgroup::
[2025-06-27T22:42:50.122+0000] {driven_data_pipeline.py:143} INFO - Started batch processing for 2025-06-27.
[2025-06-27T22:42:50.138+0000] {driven_data_pipeline.py:34} INFO - Created synthetic data for RO country code.
[2025-06-27T22:42:51.737+0000] {driven_data_pipeline.py:100} INFO - Written 94 records to the CSV file.
[2025-06-27T22:42:52.723+0000] {driven_data_pipeline.py:116} INFO - Added UUID to the dataset.
[2025-06-27T22:42:53.131+0000] {driven_data_pipeline.py:135} INFO - Updated accessed timestamp.
[2025-06-27T22:42:53.137+0000] {driven_data_pipeline.py:151} INFO - Finished batch processing 2025-06-27.
[2025-06-27T22:42:53.145+0000] {python.py:240} INFO - Done. Returned value was: None
[2025-06-27T22:42:53.321+0000] {taskinstance.py:340} INFO - ::group::Post task execution logs
[2025-06-27T22:42:53.324+0000] {taskinstance.py:352} INFO - Marking task as SUCCESS. dag_id=extract_raw_data_pipeline, task_id=extract_raw_data, run_id=scheduled__2025-06-27T07:58:00+00:00, execution_date=20250627T075800, start_date=20250627T224232, end_date=20250627T224253
[2025-06-27T22:42:53.547+0000] {local_task_job_runner.py:266} INFO - Task exited with return code 0
[2025-06-27T22:42:53.756+0000] {taskinstance.py:3900} INFO - 0 downstream tasks scheduled from follow-on schedule check
[2025-06-27T22:42:53.798+0000] {local_task_job_runner.py:245} INFO - ::endgroup::
[2025-07-02T19:17:36.282+0000] {local_task_job_runner.py:123} INFO - ::group::Pre task execution logs
[2025-07-02T19:17:36.588+0000] {taskinstance.py:2602} INFO - Dependencies not met for <TaskInstance: extract_raw_data_pipeline.extract_raw_data scheduled__2025-06-27T07:58:00+00:00 [success]>, dependency 'Task Instance State' FAILED: Task is in the 'success' state.
[2025-07-02T19:17:36.670+0000] {local_task_job_runner.py:166} INFO - Task is not able to be run
[2025-07-02T19:17:39.976+0000] {local_task_job_runner.py:123} INFO - ::group::Pre task execution logs
[2025-07-02T19:17:40.105+0000] {taskinstance.py:2602} INFO - Dependencies not met for <TaskInstance: extract_raw_data_pipeline.extract_raw_data scheduled__2025-06-27T07:58:00+00:00 [success]>, dependency 'Task Instance State' FAILED: Task is in the 'success' state.
[2025-07-02T19:17:40.148+0000] {local_task_job_runner.py:166} INFO - Task is not able to be run
