[2025-07-02T21:26:29.244+0000] {local_task_job_runner.py:123} INFO - ::group::Pre task execution logs
[2025-07-02T21:26:29.275+0000] {taskinstance.py:2612} INFO - Dependencies all met for dep_context=non-requeueable deps ti=<TaskInstance: extract_raw_data_pipeline.run_dbt_trusted manual__2025-07-02T21:25:56.106902+00:00 [queued]>
[2025-07-02T21:26:29.289+0000] {taskinstance.py:2612} INFO - Dependencies all met for dep_context=requeueable deps ti=<TaskInstance: extract_raw_data_pipeline.run_dbt_trusted manual__2025-07-02T21:25:56.106902+00:00 [queued]>
[2025-07-02T21:26:29.290+0000] {taskinstance.py:2865} INFO - Starting attempt 1 of 1
[2025-07-02T21:26:29.314+0000] {taskinstance.py:2888} INFO - Executing <Task(BashOperator): run_dbt_trusted> on 2025-07-02 21:25:56.106902+00:00
[2025-07-02T21:26:29.330+0000] {warnings.py:112} WARNING - /home/***/.local/lib/python3.12/site-packages/***/task/task_runner/standard_task_runner.py:70: DeprecationWarning: This process (pid=110) is multi-threaded, use of fork() may lead to deadlocks in the child.
  pid = os.fork()

[2025-07-02T21:26:29.334+0000] {standard_task_runner.py:72} INFO - Started process 112 to run task
[2025-07-02T21:26:29.336+0000] {standard_task_runner.py:104} INFO - Running: ['***', 'tasks', 'run', 'extract_raw_data_pipeline', 'run_dbt_trusted', 'manual__2025-07-02T21:25:56.106902+00:00', '--job-id', '67', '--raw', '--subdir', 'DAGS_FOLDER/driven_data_pipeline.py', '--cfg-path', '/tmp/tmpi4s_eajb']
[2025-07-02T21:26:29.340+0000] {standard_task_runner.py:105} INFO - Job 67: Subtask run_dbt_trusted
[2025-07-02T21:26:29.509+0000] {task_command.py:467} INFO - Running <TaskInstance: extract_raw_data_pipeline.run_dbt_trusted manual__2025-07-02T21:25:56.106902+00:00 [running]> on host 6b1f730ee534
[2025-07-02T21:26:29.642+0000] {taskinstance.py:3131} INFO - Exporting env vars: AIRFLOW_CTX_DAG_OWNER='***' AIRFLOW_CTX_DAG_ID='extract_raw_data_pipeline' AIRFLOW_CTX_TASK_ID='run_dbt_trusted' AIRFLOW_CTX_EXECUTION_DATE='2025-07-02T21:25:56.106902+00:00' AIRFLOW_CTX_TRY_NUMBER='1' AIRFLOW_CTX_DAG_RUN_ID='manual__2025-07-02T21:25:56.106902+00:00'
[2025-07-02T21:26:29.644+0000] {taskinstance.py:731} INFO - ::endgroup::
[2025-07-02T21:26:29.665+0000] {subprocess.py:63} INFO - Tmp dir root location: /tmp
[2025-07-02T21:26:29.669+0000] {subprocess.py:75} INFO - Running command: ['/usr/bin/bash', '-c', 'set -x; cd /opt/***/dbt && dbt run --select tag:trusted']
[2025-07-02T21:26:29.694+0000] {subprocess.py:86} INFO - Output:
[2025-07-02T21:26:29.697+0000] {subprocess.py:93} INFO - + cd /opt/***/dbt
[2025-07-02T21:26:29.702+0000] {subprocess.py:93} INFO - + dbt run --select tag:trusted
[2025-07-02T21:26:32.906+0000] {subprocess.py:93} INFO - [0m21:26:32  Running with dbt=1.8.0
[2025-07-02T21:26:33.346+0000] {subprocess.py:93} INFO - [0m21:26:33  Registered adapter: postgres=1.8.2
[2025-07-02T21:26:34.200+0000] {subprocess.py:93} INFO - [0m21:26:34  Found 9 models, 10 sources, 428 macros
[2025-07-02T21:26:34.205+0000] {subprocess.py:93} INFO - [0m21:26:34
[2025-07-02T21:26:34.532+0000] {subprocess.py:93} INFO - [0m21:26:34  Concurrency: 1 threads (target='dev')
[2025-07-02T21:26:34.535+0000] {subprocess.py:93} INFO - [0m21:26:34
[2025-07-02T21:26:34.556+0000] {subprocess.py:93} INFO - [0m21:26:34  1 of 4 START sql table model driven_trusted.non_pii_data ....................... [RUN]
[2025-07-02T21:26:37.322+0000] {subprocess.py:93} INFO - [0m21:26:37  1 of 4 OK created sql table model driven_trusted.non_pii_data .................. [[32mSELECT 173455[0m in 2.74s]
[2025-07-02T21:26:37.335+0000] {subprocess.py:93} INFO - [0m21:26:37  2 of 4 START sql table model driven_trusted.payment_data ....................... [RUN]
[2025-07-02T21:26:37.759+0000] {subprocess.py:93} INFO - [0m21:26:37  2 of 4 OK created sql table model driven_trusted.payment_data .................. [[32mSELECT 5119[0m in 0.40s]
[2025-07-02T21:26:37.786+0000] {subprocess.py:93} INFO - [0m21:26:37  3 of 4 START sql table model driven_trusted.pii_data ........................... [RUN]
[2025-07-02T21:26:47.430+0000] {subprocess.py:93} INFO - [0m21:26:47  3 of 4 OK created sql table model driven_trusted.pii_data ...................... [[32mSELECT 173455[0m in 9.61s]
[2025-07-02T21:26:47.460+0000] {subprocess.py:93} INFO - [0m21:26:47  4 of 4 START sql table model driven_trusted.technical_data ..................... [RUN]
[2025-07-02T21:26:48.222+0000] {subprocess.py:93} INFO - [0m21:26:48  4 of 4 OK created sql table model driven_trusted.technical_data ................ [[32mSELECT 5119[0m in 0.75s]
[2025-07-02T21:26:48.473+0000] {subprocess.py:93} INFO - [0m21:26:48
[2025-07-02T21:26:48.476+0000] {subprocess.py:93} INFO - [0m21:26:48  Finished running 4 table models in 0 hours 0 minutes and 14.25 seconds (14.25s).
[2025-07-02T21:26:48.900+0000] {subprocess.py:93} INFO - [0m21:26:48
[2025-07-02T21:26:48.902+0000] {subprocess.py:93} INFO - [0m21:26:48  [32mCompleted successfully[0m
[2025-07-02T21:26:48.912+0000] {subprocess.py:93} INFO - [0m21:26:48
[2025-07-02T21:26:48.916+0000] {subprocess.py:93} INFO - [0m21:26:48  Done. PASS=4 WARN=0 ERROR=0 SKIP=0 TOTAL=4
[2025-07-02T21:26:50.483+0000] {subprocess.py:97} INFO - Command exited with return code 0
[2025-07-02T21:26:50.529+0000] {taskinstance.py:340} INFO - ::group::Post task execution logs
[2025-07-02T21:26:50.531+0000] {taskinstance.py:352} INFO - Marking task as SUCCESS. dag_id=extract_raw_data_pipeline, task_id=run_dbt_trusted, run_id=manual__2025-07-02T21:25:56.106902+00:00, execution_date=20250702T212556, start_date=20250702T212629, end_date=20250702T212650
[2025-07-02T21:26:50.617+0000] {local_task_job_runner.py:266} INFO - Task exited with return code 0
[2025-07-02T21:26:50.640+0000] {taskinstance.py:3900} INFO - 0 downstream tasks scheduled from follow-on schedule check
[2025-07-02T21:26:50.644+0000] {local_task_job_runner.py:245} INFO - ::endgroup::
