[2025-07-02T21:18:45.059+0000] {local_task_job_runner.py:123} INFO - ::group::Pre task execution logs
[2025-07-02T21:18:45.093+0000] {taskinstance.py:2612} INFO - Dependencies all met for dep_context=non-requeueable deps ti=<TaskInstance: extract_raw_data_pipeline.extract_raw_data manual__2025-07-02T21:18:42.055422+00:00 [queued]>
[2025-07-02T21:18:45.110+0000] {taskinstance.py:2612} INFO - Dependencies all met for dep_context=requeueable deps ti=<TaskInstance: extract_raw_data_pipeline.extract_raw_data manual__2025-07-02T21:18:42.055422+00:00 [queued]>
[2025-07-02T21:18:45.112+0000] {taskinstance.py:2865} INFO - Starting attempt 1 of 1
[2025-07-02T21:18:45.159+0000] {taskinstance.py:2888} INFO - Executing <Task(PythonOperator): extract_raw_data> on 2025-07-02 21:18:42.055422+00:00
[2025-07-02T21:18:45.332+0000] {standard_task_runner.py:104} INFO - Running: ['***', 'tasks', 'run', 'extract_raw_data_pipeline', 'extract_raw_data', 'manual__2025-07-02T21:18:42.055422+00:00', '--job-id', '56', '--raw', '--subdir', 'DAGS_FOLDER/driven_data_pipeline.py', '--cfg-path', '/tmp/tmp9qwnxbzf']
[2025-07-02T21:18:45.344+0000] {standard_task_runner.py:105} INFO - Job 56: Subtask extract_raw_data
[2025-07-02T21:18:45.294+0000] {warnings.py:112} WARNING - /home/***/.local/lib/python3.12/site-packages/***/task/task_runner/standard_task_runner.py:70: DeprecationWarning: This process (pid=1135) is multi-threaded, use of fork() may lead to deadlocks in the child.
  pid = os.fork()

[2025-07-02T21:18:45.347+0000] {standard_task_runner.py:72} INFO - Started process 1142 to run task
[2025-07-02T21:18:47.013+0000] {task_command.py:467} INFO - Running <TaskInstance: extract_raw_data_pipeline.extract_raw_data manual__2025-07-02T21:18:42.055422+00:00 [running]> on host 39c538d4e334
[2025-07-02T21:18:47.553+0000] {taskinstance.py:3131} INFO - Exporting env vars: AIRFLOW_CTX_DAG_OWNER='***' AIRFLOW_CTX_DAG_ID='extract_raw_data_pipeline' AIRFLOW_CTX_TASK_ID='extract_raw_data' AIRFLOW_CTX_EXECUTION_DATE='2025-07-02T21:18:42.055422+00:00' AIRFLOW_CTX_TRY_NUMBER='1' AIRFLOW_CTX_DAG_RUN_ID='manual__2025-07-02T21:18:42.055422+00:00'
[2025-07-02T21:18:47.560+0000] {taskinstance.py:731} INFO - ::endgroup::
[2025-07-02T21:18:47.607+0000] {driven_data_pipeline.py:84} INFO - Started batch processing for 2025-07-02.
[2025-07-02T21:18:47.608+0000] {driven_data_pipeline.py:24} INFO - Created synthetic data for RO country code.
[2025-07-02T21:18:48.091+0000] {driven_data_pipeline.py:65} INFO - Written 373 records to the CSV file.
[2025-07-02T21:18:48.142+0000] {driven_data_pipeline.py:72} INFO - Added UUID to the dataset.
[2025-07-02T21:18:48.169+0000] {driven_data_pipeline.py:81} INFO - Updated accessed timestamp.
[2025-07-02T21:18:48.170+0000] {driven_data_pipeline.py:88} INFO - Finished batch processing 2025-07-02.
[2025-07-02T21:18:48.170+0000] {python.py:240} INFO - Done. Returned value was: None
[2025-07-02T21:18:48.189+0000] {taskinstance.py:340} INFO - ::group::Post task execution logs
[2025-07-02T21:18:48.190+0000] {taskinstance.py:352} INFO - Marking task as SUCCESS. dag_id=extract_raw_data_pipeline, task_id=extract_raw_data, run_id=manual__2025-07-02T21:18:42.055422+00:00, execution_date=20250702T211842, start_date=20250702T211845, end_date=20250702T211848
[2025-07-02T21:18:48.271+0000] {local_task_job_runner.py:266} INFO - Task exited with return code 0
[2025-07-02T21:18:48.319+0000] {taskinstance.py:3900} INFO - 1 downstream tasks scheduled from follow-on schedule check
[2025-07-02T21:18:48.322+0000] {local_task_job_runner.py:245} INFO - ::endgroup::
