[2025-07-02T22:34:38.383+0000] {local_task_job_runner.py:123} INFO - ::group::Pre task execution logs
[2025-07-02T22:34:38.902+0000] {taskinstance.py:2612} INFO - Dependencies all met for dep_context=non-requeueable deps ti=<TaskInstance: extract_raw_data_pipeline.run_dbt_staging manual__2025-07-02T21:13:12.651791+00:00 [queued]>
[2025-07-02T22:34:38.999+0000] {taskinstance.py:2612} INFO - Dependencies all met for dep_context=requeueable deps ti=<TaskInstance: extract_raw_data_pipeline.run_dbt_staging manual__2025-07-02T21:13:12.651791+00:00 [queued]>
[2025-07-02T22:34:39.021+0000] {taskinstance.py:2865} INFO - Starting attempt 3 of 3
[2025-07-02T22:34:39.547+0000] {taskinstance.py:2888} INFO - Executing <Task(BashOperator): run_dbt_staging> on 2025-07-02 21:13:12.651791+00:00
[2025-07-02T22:34:39.938+0000] {warnings.py:112} WARNING - /home/***/.local/lib/python3.12/site-packages/***/task/task_runner/standard_task_runner.py:70: DeprecationWarning: This process (pid=159) is multi-threaded, use of fork() may lead to deadlocks in the child.
  pid = os.fork()

[2025-07-02T22:34:39.977+0000] {standard_task_runner.py:72} INFO - Started process 179 to run task
[2025-07-02T22:34:40.076+0000] {standard_task_runner.py:104} INFO - Running: ['***', 'tasks', 'run', 'extract_raw_data_pipeline', 'run_dbt_staging', 'manual__2025-07-02T21:13:12.651791+00:00', '--job-id', '70', '--raw', '--subdir', 'DAGS_FOLDER/driven_data_pipeline.py', '--cfg-path', '/tmp/tmp4b2hat_i']
[2025-07-02T22:34:40.130+0000] {standard_task_runner.py:105} INFO - Job 70: Subtask run_dbt_staging
[2025-07-02T22:34:40.739+0000] {task_command.py:467} INFO - Running <TaskInstance: extract_raw_data_pipeline.run_dbt_staging manual__2025-07-02T21:13:12.651791+00:00 [running]> on host b22c61814c46
[2025-07-02T22:34:41.695+0000] {taskinstance.py:3131} INFO - Exporting env vars: AIRFLOW_CTX_DAG_OWNER='***' AIRFLOW_CTX_DAG_ID='extract_raw_data_pipeline' AIRFLOW_CTX_TASK_ID='run_dbt_staging' AIRFLOW_CTX_EXECUTION_DATE='2025-07-02T21:13:12.651791+00:00' AIRFLOW_CTX_TRY_NUMBER='3' AIRFLOW_CTX_DAG_RUN_ID='manual__2025-07-02T21:13:12.651791+00:00'
[2025-07-02T22:34:41.709+0000] {taskinstance.py:731} INFO - ::endgroup::
[2025-07-02T22:34:41.887+0000] {subprocess.py:63} INFO - Tmp dir root location: /tmp
[2025-07-02T22:34:41.901+0000] {subprocess.py:75} INFO - Running command: ['/usr/bin/bash', '-c', 'set -x; cd /opt/***/dbt && dbt run --select tag:staging']
[2025-07-02T22:34:42.095+0000] {subprocess.py:86} INFO - Output:
[2025-07-02T22:34:42.177+0000] {subprocess.py:93} INFO - + cd /opt/***/dbt
[2025-07-02T22:34:42.193+0000] {subprocess.py:93} INFO - + dbt run --select tag:staging
[2025-07-02T22:37:45.483+0000] {subprocess.py:93} INFO - [0m22:37:45  Running with dbt=1.8.0
[2025-07-02T22:37:52.066+0000] {subprocess.py:93} INFO - [0m22:37:52  Registered adapter: postgres=1.8.2
[2025-07-02T22:38:03.278+0000] {subprocess.py:93} INFO - [0m22:38:03  Found 9 models, 10 sources, 428 macros
[2025-07-02T22:38:03.346+0000] {subprocess.py:93} INFO - [0m22:38:03
[2025-07-02T22:38:04.913+0000] {subprocess.py:93} INFO - [0m22:38:04  Concurrency: 1 threads (target='dev')
[2025-07-02T22:38:04.930+0000] {subprocess.py:93} INFO - [0m22:38:04
[2025-07-02T22:38:05.227+0000] {subprocess.py:93} INFO - [0m22:38:05  1 of 5 START sql table model driven_staging.dim_address ........................ [RUN]
[2025-07-02T22:38:07.451+0000] {subprocess.py:93} INFO - [0m22:38:07  1 of 5 OK created sql table model driven_staging.dim_address ................... [[32mSELECT 3115[0m in 2.17s]
[2025-07-02T22:38:07.483+0000] {subprocess.py:93} INFO - [0m22:38:07  2 of 5 START sql table model driven_staging.dim_date ........................... [RUN]
[2025-07-02T22:38:07.967+0000] {subprocess.py:93} INFO - [0m22:38:07  2 of 5 OK created sql table model driven_staging.dim_date ...................... [[32mSELECT 3115[0m in 0.46s]
[2025-07-02T22:38:07.999+0000] {subprocess.py:93} INFO - [0m22:38:07  3 of 5 START sql table model driven_staging.dim_finance ........................ [RUN]
[2025-07-02T22:38:08.471+0000] {subprocess.py:93} INFO - [0m22:38:08  3 of 5 OK created sql table model driven_staging.dim_finance ................... [[32mSELECT 3115[0m in 0.45s]
[2025-07-02T22:38:08.491+0000] {subprocess.py:93} INFO - [0m22:38:08  4 of 5 START sql table model driven_staging.dim_person ......................... [RUN]
[2025-07-02T22:38:09.049+0000] {subprocess.py:93} INFO - [0m22:38:09  4 of 5 OK created sql table model driven_staging.dim_person .................... [[32mSELECT 3115[0m in 0.54s]
[2025-07-02T22:38:09.067+0000] {subprocess.py:93} INFO - [0m22:38:09  5 of 5 START sql table model driven_staging.fact_network_usage ................. [RUN]
[2025-07-02T22:38:09.955+0000] {subprocess.py:93} INFO - [0m22:38:09  5 of 5 OK created sql table model driven_staging.fact_network_usage ............ [[32mSELECT 3115[0m in 0.83s]
[2025-07-02T22:38:10.463+0000] {subprocess.py:93} INFO - [0m22:38:10
[2025-07-02T22:38:10.483+0000] {subprocess.py:93} INFO - [0m22:38:10  Finished running 5 table models in 0 hours 0 minutes and 7.10 seconds (7.10s).
[2025-07-02T22:38:10.971+0000] {subprocess.py:93} INFO - [0m22:38:10
[2025-07-02T22:38:10.996+0000] {subprocess.py:93} INFO - [0m22:38:10  [32mCompleted successfully[0m
[2025-07-02T22:38:11.003+0000] {subprocess.py:93} INFO - [0m22:38:10
[2025-07-02T22:38:11.016+0000] {subprocess.py:93} INFO - [0m22:38:11  Done. PASS=5 WARN=0 ERROR=0 SKIP=0 TOTAL=5
[2025-07-02T22:38:21.441+0000] {subprocess.py:97} INFO - Command exited with return code 0
[2025-07-02T22:38:24.936+0000] {taskinstance.py:340} INFO - ::group::Post task execution logs
[2025-07-02T22:38:24.978+0000] {taskinstance.py:352} INFO - Marking task as SUCCESS. dag_id=extract_raw_data_pipeline, task_id=run_dbt_staging, run_id=manual__2025-07-02T21:13:12.651791+00:00, execution_date=20250702T211312, start_date=20250702T223438, end_date=20250702T223824
[2025-07-02T22:38:26.091+0000] {local_task_job_runner.py:266} INFO - Task exited with return code 0
[2025-07-02T22:38:28.713+0000] {standard_task_runner.py:217} INFO - Process not found (most likely exited), stop collecting metrics
[2025-07-02T22:38:29.105+0000] {taskinstance.py:3900} INFO - 1 downstream tasks scheduled from follow-on schedule check
[2025-07-02T22:38:29.124+0000] {local_task_job_runner.py:245} INFO - ::endgroup::
