[2025-06-27T22:42:30.478+0000] {local_task_job_runner.py:123} INFO - ::group::Pre task execution logs
[2025-06-27T22:42:32.722+0000] {taskinstance.py:2612} INFO - Dependencies all met for dep_context=non-requeueable deps ti=<TaskInstance: extract_raw_data_pipeline.extract_raw_data manual__2025-06-27T22:41:04.834436+00:00 [queued]>
[2025-06-27T22:42:33.158+0000] {taskinstance.py:2612} INFO - Dependencies all met for dep_context=requeueable deps ti=<TaskInstance: extract_raw_data_pipeline.extract_raw_data manual__2025-06-27T22:41:04.834436+00:00 [queued]>
[2025-06-27T22:42:33.169+0000] {taskinstance.py:2865} INFO - Starting attempt 1 of 1
[2025-06-27T22:42:34.062+0000] {taskinstance.py:2888} INFO - Executing <Task(PythonOperator): extract_raw_data> on 2025-06-27 22:41:04.834436+00:00
[2025-06-27T22:42:36.483+0000] {warnings.py:112} WARNING - /home/***/.local/lib/python3.12/site-packages/***/task/task_runner/standard_task_runner.py:70: DeprecationWarning: This process (pid=159) is multi-threaded, use of fork() may lead to deadlocks in the child.
  pid = os.fork()

[2025-06-27T22:42:37.041+0000] {standard_task_runner.py:72} INFO - Started process 184 to run task
[2025-06-27T22:42:39.638+0000] {standard_task_runner.py:104} INFO - Running: ['***', 'tasks', 'run', 'extract_raw_data_pipeline', 'extract_raw_data', 'manual__2025-06-27T22:41:04.834436+00:00', '--job-id', '6', '--raw', '--subdir', 'DAGS_FOLDER/driven_data_pipeline.py', '--cfg-path', '/tmp/tmp89itxlwu']
[2025-06-27T22:42:39.702+0000] {standard_task_runner.py:105} INFO - Job 6: Subtask extract_raw_data
[2025-06-27T22:42:43.816+0000] {task_command.py:467} INFO - Running <TaskInstance: extract_raw_data_pipeline.extract_raw_data manual__2025-06-27T22:41:04.834436+00:00 [running]> on host 1b97f0f842ef
[2025-06-27T22:42:46.632+0000] {job.py:229} INFO - Heartbeat recovered after 18.93 seconds
[2025-06-27T22:42:49.212+0000] {taskinstance.py:3131} INFO - Exporting env vars: AIRFLOW_CTX_DAG_OWNER='***' AIRFLOW_CTX_DAG_ID='extract_raw_data_pipeline' AIRFLOW_CTX_TASK_ID='extract_raw_data' AIRFLOW_CTX_EXECUTION_DATE='2025-06-27T22:41:04.834436+00:00' AIRFLOW_CTX_TRY_NUMBER='1' AIRFLOW_CTX_DAG_RUN_ID='manual__2025-06-27T22:41:04.834436+00:00'
[2025-06-27T22:42:49.261+0000] {taskinstance.py:731} INFO - ::endgroup::
[2025-06-27T22:42:50.132+0000] {driven_data_pipeline.py:143} INFO - Started batch processing for 2025-06-27.
[2025-06-27T22:42:50.169+0000] {driven_data_pipeline.py:34} INFO - Created synthetic data for RO country code.
[2025-06-27T22:42:52.476+0000] {driven_data_pipeline.py:100} INFO - Written 531 records to the CSV file.
[2025-07-02T19:17:28.090+0000] {local_task_job_runner.py:123} INFO - ::group::Pre task execution logs
[2025-07-02T19:17:28.071+0000] {local_task_job_runner.py:123} INFO - ::group::Pre task execution logs
[2025-07-02T19:17:29.110+0000] {taskinstance.py:2602} INFO - Dependencies not met for <TaskInstance: extract_raw_data_pipeline.extract_raw_data manual__2025-06-27T22:41:04.834436+00:00 [failed]>, dependency 'Task Instance State' FAILED: Task is in the 'failed' state.
[2025-07-02T19:17:29.362+0000] {local_task_job_runner.py:166} INFO - Task is not able to be run
[2025-07-02T19:17:29.575+0000] {taskinstance.py:2602} INFO - Dependencies not met for <TaskInstance: extract_raw_data_pipeline.extract_raw_data manual__2025-06-27T22:41:04.834436+00:00 [failed]>, dependency 'Task Instance State' FAILED: Task is in the 'failed' state.
[2025-07-02T19:17:29.794+0000] {local_task_job_runner.py:166} INFO - Task is not able to be run
