[2025-07-02T22:40:13.975+0000] {local_task_job_runner.py:123} INFO - ::group::Pre task execution logs
[2025-07-02T22:40:18.731+0000] {taskinstance.py:2612} INFO - Dependencies all met for dep_context=non-requeueable deps ti=<TaskInstance: extract_raw_data_pipeline.run_dbt_staging manual__2025-07-02T22:31:39.309860+00:00 [queued]>
[2025-07-02T22:40:19.953+0000] {taskinstance.py:2612} INFO - Dependencies all met for dep_context=requeueable deps ti=<TaskInstance: extract_raw_data_pipeline.run_dbt_staging manual__2025-07-02T22:31:39.309860+00:00 [queued]>
[2025-07-02T22:40:19.975+0000] {taskinstance.py:2865} INFO - Starting attempt 1 of 1
[2025-07-02T22:40:25.418+0000] {taskinstance.py:2888} INFO - Executing <Task(BashOperator): run_dbt_staging> on 2025-07-02 22:31:39.309860+00:00
[2025-07-02T22:40:34.222+0000] {warnings.py:112} WARNING - /home/***/.local/lib/python3.12/site-packages/***/task/task_runner/standard_task_runner.py:70: DeprecationWarning: This process (pid=257) is multi-threaded, use of fork() may lead to deadlocks in the child.
  pid = os.fork()

[2025-07-02T22:40:35.455+0000] {standard_task_runner.py:72} INFO - Started process 274 to run task
[2025-07-02T22:40:38.267+0000] {standard_task_runner.py:104} INFO - Running: ['***', 'tasks', 'run', 'extract_raw_data_pipeline', 'run_dbt_staging', 'manual__2025-07-02T22:31:39.309860+00:00', '--job-id', '75', '--raw', '--subdir', 'DAGS_FOLDER/driven_data_pipeline.py', '--cfg-path', '/tmp/tmpjb9ynl2v']
[2025-07-02T22:40:38.301+0000] {standard_task_runner.py:105} INFO - Job 75: Subtask run_dbt_staging
[2025-07-02T22:40:42.265+0000] {task_command.py:467} INFO - Running <TaskInstance: extract_raw_data_pipeline.run_dbt_staging manual__2025-07-02T22:31:39.309860+00:00 [running]> on host b22c61814c46
[2025-07-02T22:40:46.625+0000] {job.py:229} INFO - Heartbeat recovered after 47.74 seconds
[2025-07-02T22:40:50.009+0000] {taskinstance.py:3131} INFO - Exporting env vars: AIRFLOW_CTX_DAG_OWNER='***' AIRFLOW_CTX_DAG_ID='extract_raw_data_pipeline' AIRFLOW_CTX_TASK_ID='run_dbt_staging' AIRFLOW_CTX_EXECUTION_DATE='2025-07-02T22:31:39.309860+00:00' AIRFLOW_CTX_TRY_NUMBER='1' AIRFLOW_CTX_DAG_RUN_ID='manual__2025-07-02T22:31:39.309860+00:00'
[2025-07-02T22:40:50.112+0000] {taskinstance.py:731} INFO - ::endgroup::
[2025-07-02T22:40:59.943+0000] {subprocess.py:63} INFO - Tmp dir root location: /tmp
[2025-07-02T22:41:00.223+0000] {subprocess.py:75} INFO - Running command: ['/usr/bin/bash', '-c', 'set -x; cd /opt/***/dbt && dbt run --select tag:staging']
[2025-07-02T22:41:01.332+0000] {subprocess.py:86} INFO - Output:
[2025-07-02T22:41:02.014+0000] {subprocess.py:93} INFO - + cd /opt/***/dbt
[2025-07-02T22:41:02.033+0000] {subprocess.py:93} INFO - + dbt run --select tag:staging
[2025-07-02T22:42:00.034+0000] {job.py:229} INFO - Heartbeat recovered after 12.55 seconds
[2025-07-02T22:42:08.948+0000] {job.py:229} INFO - Heartbeat recovered after 15.58 seconds
[2025-07-02T22:42:33.665+0000] {subprocess.py:93} INFO - [0m22:42:32  Running with dbt=1.8.0
[2025-07-02T22:42:38.030+0000] {subprocess.py:93} INFO - [0m22:42:37  Registered adapter: postgres=1.8.2
[2025-07-02T22:42:50.494+0000] {subprocess.py:93} INFO - [0m22:42:50  Found 9 models, 10 sources, 428 macros
[2025-07-02T22:42:50.860+0000] {subprocess.py:93} INFO - [0m22:42:50
[2025-07-02T22:42:54.439+0000] {job.py:229} INFO - Heartbeat recovered after 11.15 seconds
[2025-07-02T22:42:54.624+0000] {subprocess.py:93} INFO - [0m22:42:54  Concurrency: 1 threads (target='dev')
[2025-07-02T22:42:54.641+0000] {subprocess.py:93} INFO - [0m22:42:54
[2025-07-02T22:42:54.755+0000] {subprocess.py:93} INFO - [0m22:42:54  1 of 5 START sql table model driven_staging.dim_address ........................ [RUN]
[2025-07-02T22:42:56.232+0000] {subprocess.py:93} INFO - [0m22:42:56  1 of 5 OK created sql table model driven_staging.dim_address ................... [[32mSELECT 3640[0m in 1.44s]
[2025-07-02T22:42:56.267+0000] {subprocess.py:93} INFO - [0m22:42:56  2 of 5 START sql table model driven_staging.dim_date ........................... [RUN]
[2025-07-02T22:42:56.859+0000] {subprocess.py:93} INFO - [0m22:42:56  2 of 5 OK created sql table model driven_staging.dim_date ...................... [[32mSELECT 3640[0m in 0.58s]
[2025-07-02T22:42:56.909+0000] {subprocess.py:93} INFO - [0m22:42:56  3 of 5 START sql table model driven_staging.dim_finance ........................ [RUN]
[2025-07-02T22:42:57.581+0000] {subprocess.py:93} INFO - [0m22:42:57  3 of 5 OK created sql table model driven_staging.dim_finance ................... [[32mSELECT 3640[0m in 0.65s]
[2025-07-02T22:42:57.631+0000] {subprocess.py:93} INFO - [0m22:42:57  4 of 5 START sql table model driven_staging.dim_person ......................... [RUN]
[2025-07-02T22:42:58.739+0000] {subprocess.py:93} INFO - [0m22:42:58  4 of 5 OK created sql table model driven_staging.dim_person .................... [[32mSELECT 3640[0m in 1.10s]
[2025-07-02T22:42:58.772+0000] {subprocess.py:93} INFO - [0m22:42:58  5 of 5 START sql table model driven_staging.fact_network_usage ................. [RUN]
[2025-07-02T22:42:59.276+0000] {subprocess.py:93} INFO - [0m22:42:59  5 of 5 OK created sql table model driven_staging.fact_network_usage ............ [[32mSELECT 3640[0m in 0.48s]
[2025-07-02T22:42:59.414+0000] {subprocess.py:93} INFO - [0m22:42:59
[2025-07-02T22:42:59.428+0000] {subprocess.py:93} INFO - [0m22:42:59  Finished running 5 table models in 0 hours 0 minutes and 8.45 seconds (8.45s).
[2025-07-02T22:42:59.963+0000] {subprocess.py:93} INFO - [0m22:42:59
[2025-07-02T22:42:59.973+0000] {subprocess.py:93} INFO - [0m22:42:59  [32mCompleted successfully[0m
[2025-07-02T22:42:59.985+0000] {subprocess.py:93} INFO - [0m22:42:59
[2025-07-02T22:42:59.999+0000] {subprocess.py:93} INFO - [0m22:42:59  Done. PASS=5 WARN=0 ERROR=0 SKIP=0 TOTAL=5
[2025-07-02T22:43:07.345+0000] {subprocess.py:97} INFO - Command exited with return code 0
[2025-07-02T22:43:22.082+0000] {taskinstance.py:340} INFO - ::group::Post task execution logs
[2025-07-02T22:43:22.566+0000] {taskinstance.py:352} INFO - Marking task as SUCCESS. dag_id=extract_raw_data_pipeline, task_id=run_dbt_staging, run_id=manual__2025-07-02T22:31:39.309860+00:00, execution_date=20250702T223139, start_date=20250702T224019, end_date=20250702T224322
[2025-07-02T22:43:26.859+0000] {local_task_job_runner.py:266} INFO - Task exited with return code 0
[2025-07-02T22:43:28.885+0000] {taskinstance.py:3900} INFO - 0 downstream tasks scheduled from follow-on schedule check
[2025-07-02T22:43:28.900+0000] {local_task_job_runner.py:245} INFO - ::endgroup::
[2025-07-02T22:43:29.628+0000] {standard_task_runner.py:217} INFO - Process not found (most likely exited), stop collecting metrics
