[2025-07-02T21:26:15.223+0000] {local_task_job_runner.py:123} INFO - ::group::Pre task execution logs
[2025-07-02T21:26:15.260+0000] {taskinstance.py:2612} INFO - Dependencies all met for dep_context=non-requeueable deps ti=<TaskInstance: extract_raw_data_pipeline.run_dbt_staging manual__2025-07-02T21:25:56.106902+00:00 [queued]>
[2025-07-02T21:26:15.277+0000] {taskinstance.py:2612} INFO - Dependencies all met for dep_context=requeueable deps ti=<TaskInstance: extract_raw_data_pipeline.run_dbt_staging manual__2025-07-02T21:25:56.106902+00:00 [queued]>
[2025-07-02T21:26:15.278+0000] {taskinstance.py:2865} INFO - Starting attempt 1 of 1
[2025-07-02T21:26:15.303+0000] {taskinstance.py:2888} INFO - Executing <Task(BashOperator): run_dbt_staging> on 2025-07-02 21:25:56.106902+00:00
[2025-07-02T21:26:15.320+0000] {warnings.py:112} WARNING - /home/***/.local/lib/python3.12/site-packages/***/task/task_runner/standard_task_runner.py:70: DeprecationWarning: This process (pid=94) is multi-threaded, use of fork() may lead to deadlocks in the child.
  pid = os.fork()

[2025-07-02T21:26:15.324+0000] {standard_task_runner.py:72} INFO - Started process 96 to run task
[2025-07-02T21:26:15.323+0000] {standard_task_runner.py:104} INFO - Running: ['***', 'tasks', 'run', 'extract_raw_data_pipeline', 'run_dbt_staging', 'manual__2025-07-02T21:25:56.106902+00:00', '--job-id', '66', '--raw', '--subdir', 'DAGS_FOLDER/driven_data_pipeline.py', '--cfg-path', '/tmp/tmpv8i2prjb']
[2025-07-02T21:26:15.326+0000] {standard_task_runner.py:105} INFO - Job 66: Subtask run_dbt_staging
[2025-07-02T21:26:15.434+0000] {task_command.py:467} INFO - Running <TaskInstance: extract_raw_data_pipeline.run_dbt_staging manual__2025-07-02T21:25:56.106902+00:00 [running]> on host 6b1f730ee534
[2025-07-02T21:26:15.577+0000] {taskinstance.py:3131} INFO - Exporting env vars: AIRFLOW_CTX_DAG_OWNER='***' AIRFLOW_CTX_DAG_ID='extract_raw_data_pipeline' AIRFLOW_CTX_TASK_ID='run_dbt_staging' AIRFLOW_CTX_EXECUTION_DATE='2025-07-02T21:25:56.106902+00:00' AIRFLOW_CTX_TRY_NUMBER='1' AIRFLOW_CTX_DAG_RUN_ID='manual__2025-07-02T21:25:56.106902+00:00'
[2025-07-02T21:26:15.580+0000] {taskinstance.py:731} INFO - ::endgroup::
[2025-07-02T21:26:15.600+0000] {subprocess.py:63} INFO - Tmp dir root location: /tmp
[2025-07-02T21:26:15.602+0000] {subprocess.py:75} INFO - Running command: ['/usr/bin/bash', '-c', 'set -x; cd /opt/***/dbt && dbt run --select tag:staging']
[2025-07-02T21:26:15.630+0000] {subprocess.py:86} INFO - Output:
[2025-07-02T21:26:15.648+0000] {subprocess.py:93} INFO - + cd /opt/***/dbt
[2025-07-02T21:26:15.649+0000] {subprocess.py:93} INFO - + dbt run --select tag:staging
[2025-07-02T21:26:20.868+0000] {subprocess.py:93} INFO - [0m21:26:20  Running with dbt=1.8.0
[2025-07-02T21:26:21.561+0000] {subprocess.py:93} INFO - [0m21:26:21  Registered adapter: postgres=1.8.2
[2025-07-02T21:26:21.783+0000] {subprocess.py:93} INFO - [0m21:26:21  Unable to do partial parsing because saved manifest not found. Starting full parse.
[2025-07-02T21:26:24.735+0000] {subprocess.py:93} INFO - [0m21:26:24  Found 9 models, 10 sources, 428 macros
[2025-07-02T21:26:24.740+0000] {subprocess.py:93} INFO - [0m21:26:24
[2025-07-02T21:26:25.091+0000] {subprocess.py:93} INFO - [0m21:26:25  Concurrency: 1 threads (target='dev')
[2025-07-02T21:26:25.099+0000] {subprocess.py:93} INFO - [0m21:26:25
[2025-07-02T21:26:25.127+0000] {subprocess.py:93} INFO - [0m21:26:25  1 of 5 START sql table model driven_staging.dim_address ........................ [RUN]
[2025-07-02T21:26:25.583+0000] {subprocess.py:93} INFO - [0m21:26:25  1 of 5 OK created sql table model driven_staging.dim_address ................... [[32mSELECT 3115[0m in 0.45s]
[2025-07-02T21:26:25.590+0000] {subprocess.py:93} INFO - [0m21:26:25  2 of 5 START sql table model driven_staging.dim_date ........................... [RUN]
[2025-07-02T21:26:25.723+0000] {subprocess.py:93} INFO - [0m21:26:25  2 of 5 OK created sql table model driven_staging.dim_date ...................... [[32mSELECT 3115[0m in 0.13s]
[2025-07-02T21:26:25.728+0000] {subprocess.py:93} INFO - [0m21:26:25  3 of 5 START sql table model driven_staging.dim_finance ........................ [RUN]
[2025-07-02T21:26:25.887+0000] {subprocess.py:93} INFO - [0m21:26:25  3 of 5 OK created sql table model driven_staging.dim_finance ................... [[32mSELECT 3115[0m in 0.16s]
[2025-07-02T21:26:25.892+0000] {subprocess.py:93} INFO - [0m21:26:25  4 of 5 START sql table model driven_staging.dim_person ......................... [RUN]
[2025-07-02T21:26:26.052+0000] {subprocess.py:93} INFO - [0m21:26:26  4 of 5 OK created sql table model driven_staging.dim_person .................... [[32mSELECT 3115[0m in 0.15s]
[2025-07-02T21:26:26.058+0000] {subprocess.py:93} INFO - [0m21:26:26  5 of 5 START sql table model driven_staging.fact_network_usage ................. [RUN]
[2025-07-02T21:26:26.174+0000] {subprocess.py:93} INFO - [0m21:26:26  5 of 5 OK created sql table model driven_staging.fact_network_usage ............ [[32mSELECT 3115[0m in 0.11s]
[2025-07-02T21:26:26.204+0000] {subprocess.py:93} INFO - [0m21:26:26
[2025-07-02T21:26:26.205+0000] {subprocess.py:93} INFO - [0m21:26:26  Finished running 5 table models in 0 hours 0 minutes and 1.46 seconds (1.46s).
[2025-07-02T21:26:26.293+0000] {subprocess.py:93} INFO - [0m21:26:26
[2025-07-02T21:26:26.295+0000] {subprocess.py:93} INFO - [0m21:26:26  [32mCompleted successfully[0m
[2025-07-02T21:26:26.296+0000] {subprocess.py:93} INFO - [0m21:26:26
[2025-07-02T21:26:26.300+0000] {subprocess.py:93} INFO - [0m21:26:26  Done. PASS=5 WARN=0 ERROR=0 SKIP=0 TOTAL=5
[2025-07-02T21:26:27.597+0000] {subprocess.py:97} INFO - Command exited with return code 0
[2025-07-02T21:26:27.655+0000] {taskinstance.py:340} INFO - ::group::Post task execution logs
[2025-07-02T21:26:27.656+0000] {taskinstance.py:352} INFO - Marking task as SUCCESS. dag_id=extract_raw_data_pipeline, task_id=run_dbt_staging, run_id=manual__2025-07-02T21:25:56.106902+00:00, execution_date=20250702T212556, start_date=20250702T212615, end_date=20250702T212627
[2025-07-02T21:26:27.739+0000] {local_task_job_runner.py:266} INFO - Task exited with return code 0
[2025-07-02T21:26:27.776+0000] {taskinstance.py:3900} INFO - 1 downstream tasks scheduled from follow-on schedule check
[2025-07-02T21:26:27.779+0000] {local_task_job_runner.py:245} INFO - ::endgroup::
