[2025-07-02T20:04:26.926+0000] {local_task_job_runner.py:123} INFO - ::group::Pre task execution logs
[2025-07-02T20:04:26.958+0000] {taskinstance.py:2612} INFO - Dependencies all met for dep_context=non-requeueable deps ti=<TaskInstance: extract_raw_data_pipeline.extract_raw_data manual__2025-07-02T20:04:24.832397+00:00 [queued]>
[2025-07-02T20:04:26.975+0000] {taskinstance.py:2612} INFO - Dependencies all met for dep_context=requeueable deps ti=<TaskInstance: extract_raw_data_pipeline.extract_raw_data manual__2025-07-02T20:04:24.832397+00:00 [queued]>
[2025-07-02T20:04:26.978+0000] {taskinstance.py:2865} INFO - Starting attempt 1 of 1
[2025-07-02T20:04:27.003+0000] {taskinstance.py:2888} INFO - Executing <Task(PythonOperator): extract_raw_data> on 2025-07-02 20:04:24.832397+00:00
[2025-07-02T20:04:27.025+0000] {standard_task_runner.py:104} INFO - Running: ['***', 'tasks', 'run', 'extract_raw_data_pipeline', 'extract_raw_data', 'manual__2025-07-02T20:04:24.832397+00:00', '--job-id', '9', '--raw', '--subdir', 'DAGS_FOLDER/driven_data_pipeline.py', '--cfg-path', '/tmp/tmp6nij7ajl']
[2025-07-02T20:04:27.018+0000] {warnings.py:112} WARNING - /home/***/.local/lib/python3.12/site-packages/***/task/task_runner/standard_task_runner.py:70: DeprecationWarning: This process (pid=149) is multi-threaded, use of fork() may lead to deadlocks in the child.
  pid = os.fork()

[2025-07-02T20:04:27.029+0000] {standard_task_runner.py:105} INFO - Job 9: Subtask extract_raw_data
[2025-07-02T20:04:27.029+0000] {standard_task_runner.py:72} INFO - Started process 153 to run task
[2025-07-02T20:04:27.202+0000] {task_command.py:467} INFO - Running <TaskInstance: extract_raw_data_pipeline.extract_raw_data manual__2025-07-02T20:04:24.832397+00:00 [running]> on host 4de6b624ee76
[2025-07-02T20:04:27.375+0000] {taskinstance.py:3131} INFO - Exporting env vars: AIRFLOW_CTX_DAG_OWNER='***' AIRFLOW_CTX_DAG_ID='extract_raw_data_pipeline' AIRFLOW_CTX_TASK_ID='extract_raw_data' AIRFLOW_CTX_EXECUTION_DATE='2025-07-02T20:04:24.832397+00:00' AIRFLOW_CTX_TRY_NUMBER='1' AIRFLOW_CTX_DAG_RUN_ID='manual__2025-07-02T20:04:24.832397+00:00'
[2025-07-02T20:04:27.383+0000] {taskinstance.py:731} INFO - ::endgroup::
[2025-07-02T20:04:27.406+0000] {driven_data_pipeline.py:143} INFO - Started batch processing for 2025-07-02.
[2025-07-02T20:04:27.407+0000] {driven_data_pipeline.py:34} INFO - Created synthetic data for RO country code.
[2025-07-02T20:04:28.189+0000] {driven_data_pipeline.py:100} INFO - Written 988 records to the CSV file.
[2025-07-02T20:04:28.268+0000] {driven_data_pipeline.py:116} INFO - Added UUID to the dataset.
[2025-07-02T20:04:28.317+0000] {driven_data_pipeline.py:135} INFO - Updated accessed timestamp.
[2025-07-02T20:04:28.318+0000] {driven_data_pipeline.py:151} INFO - Finished batch processing 2025-07-02.
[2025-07-02T20:04:28.319+0000] {python.py:240} INFO - Done. Returned value was: None
[2025-07-02T20:04:28.337+0000] {taskinstance.py:340} INFO - ::group::Post task execution logs
[2025-07-02T20:04:28.338+0000] {taskinstance.py:352} INFO - Marking task as SUCCESS. dag_id=extract_raw_data_pipeline, task_id=extract_raw_data, run_id=manual__2025-07-02T20:04:24.832397+00:00, execution_date=20250702T200424, start_date=20250702T200426, end_date=20250702T200428
[2025-07-02T20:04:28.392+0000] {local_task_job_runner.py:266} INFO - Task exited with return code 0
[2025-07-02T20:04:28.437+0000] {taskinstance.py:3900} INFO - 0 downstream tasks scheduled from follow-on schedule check
[2025-07-02T20:04:28.446+0000] {local_task_job_runner.py:245} INFO - ::endgroup::
